\BOOKMARK [-1][]{ctitle.-1}{\376\377\232\330\226\066\165\037\142\020\147\072\164\006\133\374\124\021\166\204\131\047\211\304\152\041\122\250\140\001\177\121\176\334\171\076\126\342\150\300\155\113\123\312\157\024\123\026\122\006\147\220\170\024\172\166}{}% 1
\BOOKMARK [0][]{section*.2}{\376\377\144\130\000\040\000\040\000\040\000\040\211\201}{ctitle.-1}% 2
\BOOKMARK [0][]{section*.4}{\376\377\000A\000B\000S\000T\000R\000A\000C\000T}{ctitle.-1}% 3
\BOOKMARK [0][]{section*.6}{\376\377\166\356\000\040\000\040\000\040\000\040\137\125}{ctitle.-1}% 4
\BOOKMARK [0][]{section*.8}{\376\377\0001\000\040\176\352\213\272}{ctitle.-1}% 5
\BOOKMARK [1][]{section*.9}{\376\377\0001\000.\0001\000\040\170\024\172\166\200\314\146\157\116\016\141\017\116\111}{section*.8}% 6
\BOOKMARK [1][]{section*.10}{\376\377\0001\000.\0002\000\040\170\024\172\166\163\260\162\266}{section*.8}% 7
\BOOKMARK [2][]{section*.11}{\376\377\0001\000.\0002\000.\0001\000\040\227\131\140\001\177\121\176\334\171\076\126\342\150\300\155\113\170\024\172\166\163\260\162\266}{section*.10}% 8
\BOOKMARK [2][]{section*.13}{\376\377\0001\000.\0002\000.\0002\000\040\122\250\140\001\177\121\176\334\171\076\126\342\150\300\155\113\170\024\172\166\163\260\162\266}{section*.10}% 9
\BOOKMARK [2][]{section*.19}{\376\377\0001\000.\0002\000.\0003\000\040\171\076\126\342\157\024\123\026\122\006\147\220\170\024\172\166\163\260\162\266}{section*.10}% 10
\BOOKMARK [1][]{section*.23}{\376\377\0001\000.\0003\000\040\170\024\172\166\121\205\133\271\116\016\122\033\145\260\160\271}{section*.8}% 11
\BOOKMARK [1][]{section*.25}{\376\377\0001\000.\0004\000\040\213\272\145\207\176\304\176\307\176\323\147\204}{section*.8}% 12
\BOOKMARK [0][]{section*.26}{\376\377\0002\000\040\166\370\121\163\170\024\172\166\127\372\170\100}{ctitle.-1}% 13
\BOOKMARK [1][]{section*.27}{\376\377\0002\000.\0001\000\040\122\250\140\001\177\121\176\334\171\076\126\342\150\300\155\113\166\370\121\163\170\024\172\166}{section*.26}% 14
\BOOKMARK [2][]{section*.28}{\376\377\0002\000.\0001\000.\0001\000\040\127\372\116\216\124\057\123\321\137\017\117\030\123\026\166\204\145\271\154\325}{section*.27}% 15
\BOOKMARK [2][]{section*.30}{\376\377\0002\000.\0001\000.\0002\000\040\127\372\116\216\167\351\226\065\122\006\211\343\166\204\145\271\154\325}{section*.27}% 16
\BOOKMARK [2][]{section*.31}{\376\377\0002\000.\0001\000.\0003\000\040\127\372\116\216\214\061\117\030\123\026\166\204\145\271\154\325}{section*.27}% 17
\BOOKMARK [2][]{section*.32}{\376\377\0002\000.\0001\000.\0004\000\040\127\372\116\216\131\032\166\356\150\007\117\030\123\026\166\204\145\271\154\325}{section*.27}% 18
\BOOKMARK [2][]{section*.33}{\376\377\0002\000.\0001\000.\0005\000\040\127\372\116\216\122\250\122\233\133\146\166\204\145\271\154\325}{section*.27}% 19
\BOOKMARK [2][]{section*.34}{\376\377\0002\000.\0001\000.\0006\000\040\127\372\116\216\226\217\147\072\127\127\152\041\127\213\166\204\145\271\154\325}{section*.27}% 20
\BOOKMARK [2][]{section*.35}{\376\377\0002\000.\0001\000.\0007\000\040\127\372\116\216\155\361\136\246\133\146\116\140\166\204\145\271\154\325}{section*.27}% 21
\BOOKMARK [1][]{section*.36}{\376\377\0002\000.\0002\000\040\155\361\136\246\165\037\142\020\152\041\127\213\166\370\121\163\170\024\172\166\127\372\170\100}{section*.26}% 22
\BOOKMARK [1][]{section*.38}{\376\377\0002\000.\0003\000\040\122\250\140\001\177\121\176\334\171\076\126\342\150\300\155\113\213\304\116\367\143\007\150\007}{section*.26}% 23
\BOOKMARK [1][]{section*.39}{\376\377\0002\000.\0004\000\040\147\054\172\340\134\017\176\323}{section*.26}% 24
\BOOKMARK [0][]{section*.40}{\376\377\0003\000\040\207\215\124\010\202\202\160\271\157\024\123\026\137\002\215\050\140\047\166\204\122\250\140\001\177\121\176\334\226\217\147\072\127\127\152\041\127\213\136\372\152\041}{ctitle.-1}% 25
\BOOKMARK [1][]{section*.41}{\376\377\0003\000.\0001\000\040\137\025\212\000}{section*.40}% 26
\BOOKMARK [1][]{section*.42}{\376\377\0003\000.\0002\000\040\177\121\176\334\232\330\226\066\165\037\142\020\147\072\164\006\143\026\143\230}{section*.40}% 27
\BOOKMARK [2][]{section*.46}{\376\377\0003\000.\0002\000.\0001\000\040\165\050\116\216\177\121\176\334\232\330\226\066\165\037\142\020\147\072\164\006\143\026\143\230\166\204\145\160\143\156\143\317\217\360}{section*.42}% 28
\BOOKMARK [2][]{section*.47}{\376\377\0003\000.\0002\000.\0002\000\040\202\202\160\271\157\024\123\026\137\002\215\050\140\047\137\122\176\263}{section*.42}% 29
\BOOKMARK [1][]{section*.56}{\376\377\0003\000.\0003\000\040\134\102\153\041\162\304\122\051\121\113\226\367\122\250\140\001\226\217\147\072\127\127\152\041\127\213\143\317\217\360}{section*.40}% 30
\BOOKMARK [2][]{section*.57}{\376\377\0003\000.\0003\000.\0001\000\040\121\306\131\007\135\345\117\134}{section*.56}% 31
\BOOKMARK [2][]{section*.58}{\376\377\0003\000.\0003\000.\0002\000\040\134\102\153\041\162\304\122\051\121\113\226\367\122\250\140\001\226\217\147\072\127\127\152\041\127\213\213\276\213\241}{section*.56}% 32
\BOOKMARK [1][]{section*.60}{\376\377\0003\000.\0004\000\040\134\102\153\041\162\304\122\051\121\113\226\367\122\250\140\001\226\217\147\072\127\127\152\041\127\213\152\041\127\213\154\102\211\343}{section*.40}% 33
\BOOKMARK [2][]{section*.61}{\376\377\0003\000.\0004\000.\0001\000\040\152\041\127\213\123\302\145\160\166\204\217\321\117\074\124\016\232\214\143\250\145\255}{section*.60}% 34
\BOOKMARK [2][]{section*.62}{\376\377\0003\000.\0004\000.\0002\000\040\152\041\127\213\173\227\154\325\217\355\116\343}{section*.60}% 35
\BOOKMARK [1][]{section*.64}{\376\377\0003\000.\0005\000\040\134\102\153\041\162\304\122\051\121\113\226\367\122\250\140\001\226\217\147\072\127\127\152\041\127\213\133\236\232\214}{section*.40}% 36
\BOOKMARK [2][]{section*.65}{\376\377\0003\000.\0005\000.\0001\000\040\145\160\143\156\226\306}{section*.64}% 37
\BOOKMARK [2][]{section*.66}{\376\377\0003\000.\0005\000.\0002\000\040\171\076\126\342\150\300\155\113\133\236\232\214}{section*.64}% 38
\BOOKMARK [2][]{section*.71}{\376\377\0003\000.\0005\000.\0003\000\040\171\076\126\342\157\024\123\026\122\006\147\220}{section*.64}% 39
\BOOKMARK [2][]{section*.99}{\376\377\0003\000.\0005\000.\0004\000\040\202\202\160\271\166\204\157\024\123\026\137\002\136\070\122\006\147\220}{section*.64}% 40
\BOOKMARK [1][]{section*.104}{\376\377\0003\000.\0006\000\040\147\054\172\340\134\017\176\323}{section*.40}% 41
\BOOKMARK [0][]{section*.105}{\376\377\0004\000\040\207\215\124\010\202\202\160\271\155\101\210\114\136\246\166\204\122\250\140\001\177\121\176\334\136\372\152\041\123\312\134\102\153\041\137\002\136\070\150\300\155\113}{ctitle.-1}% 42
\BOOKMARK [1][]{section*.106}{\376\377\0004\000.\0001\000\040\137\025\212\000}{section*.105}% 43
\BOOKMARK [1][]{section*.108}{\376\377\0004\000.\0002\000\040\207\215\124\010\202\202\160\271\155\101\210\114\136\246\166\204\122\250\140\001\226\217\147\072\127\127\152\041\127\213\143\317\217\360}{section*.105}% 44
\BOOKMARK [2][]{section*.109}{\376\377\0004\000.\0002\000.\0001\000\040\121\306\131\007\135\345\117\134}{section*.108}% 45
\BOOKMARK [2][]{section*.110}{\376\377\0004\000.\0002\000.\0002\000\040\152\041\127\213\166\204\165\037\142\020\217\307\172\013}{section*.108}% 46
\BOOKMARK [2][]{section*.118}{\376\377\0004\000.\0002\000.\0003\000\040\152\041\127\213\166\204\123\302\145\160\217\321\117\074\124\016\232\214\143\250\145\255}{section*.108}% 47
\BOOKMARK [2][]{section*.119}{\376\377\0004\000.\0002\000.\0004\000\040\122\250\140\001\177\121\176\334\134\102\153\041\157\024\123\026\137\002\136\070\150\300\155\113\133\232\116\111}{section*.108}% 48
\BOOKMARK [1][]{section*.120}{\376\377\0004\000.\0003\000\040\207\215\124\010\202\202\160\271\155\101\210\114\136\246\166\204\122\250\140\001\226\217\147\072\127\127\152\041\127\213\166\204\143\250\145\255\123\312\123\302\145\160\154\102\211\343}{section*.105}% 49
\BOOKMARK [2][]{section*.121}{\376\377\0004\000.\0003\000.\0001\000\040\226\220\123\330\221\317\146\364\145\260\121\154\137\017\143\250\145\255}{section*.120}% 50
\BOOKMARK [2][]{section*.125}{\376\377\0004\000.\0003\000.\0002\000\040\123\302\145\160\146\364\145\260\121\154\137\017\143\250\145\255}{section*.120}% 51
\BOOKMARK [2][]{section*.126}{\376\377\0004\000.\0003\000.\0003\000\040\173\227\154\325\155\101\172\013}{section*.120}% 52
\BOOKMARK [1][]{section*.128}{\376\377\0004\000.\0004\000\040\207\215\124\010\202\202\160\271\155\101\210\114\136\246\166\204\122\250\140\001\226\217\147\072\127\127\152\041\127\213\133\236\232\214}{section*.105}% 53
\BOOKMARK [2][]{section*.129}{\376\377\0004\000.\0004\000.\0001\000\040\145\160\143\156\226\306}{section*.128}% 54
\BOOKMARK [2][]{section*.130}{\376\377\0004\000.\0004\000.\0002\000\040\171\076\126\342\150\300\155\113}{section*.128}% 55
\BOOKMARK [2][]{section*.135}{\376\377\0004\000.\0004\000.\0003\000\040\137\353\161\147\176\247\122\053\137\002\136\070\150\300\155\113}{section*.128}% 56
\BOOKMARK [2][]{section*.144}{\376\377\0004\000.\0004\000.\0004\000\040\171\076\126\342\176\247\122\053\137\002\136\070\150\300\155\113}{section*.128}% 57
\BOOKMARK [2][]{section*.150}{\376\377\0004\000.\0004\000.\0005\000\040\202\202\160\271\176\247\122\053\137\002\136\070\150\300\155\113}{section*.128}% 58
\BOOKMARK [2][]{section*.152}{\376\377\0004\000.\0004\000.\0006\000\040\145\160\143\156\143\026\143\230\133\236\213\301}{section*.128}% 59
\BOOKMARK [1][]{section*.155}{\376\377\0004\000.\0005\000\040\147\054\172\340\134\017\176\323}{section*.105}% 60
\BOOKMARK [0][]{section*.156}{\376\377\0005\000\040\127\372\116\216\155\361\136\246\165\037\142\020\152\041\127\213\166\204\122\250\140\001\177\121\176\334\171\076\126\342\150\300\155\113\131\047\211\304\152\041\142\151\134\125}{ctitle.-1}% 61
\BOOKMARK [1][]{section*.157}{\376\377\0005\000.\0001\000\040\137\025\212\000}{section*.156}% 62
\BOOKMARK [1][]{section*.158}{\376\377\0005\000.\0002\000\040\207\215\124\010\155\367\124\010\232\330\145\257\121\110\232\214\166\204\155\361\136\246\122\250\140\001\171\076\126\342\150\300\155\113\152\041\127\213\143\317\217\360}{section*.156}% 63
\BOOKMARK [2][]{section*.160}{\376\377\0005\000.\0002\000.\0001\000\040\173\046\123\367\116\016\225\356\230\230\133\232\116\111}{section*.158}% 64
\BOOKMARK [2][]{section*.161}{\376\377\0005\000.\0002\000.\0002\000\040\152\041\127\213\150\106\147\266}{section*.158}% 65
\BOOKMARK [2][]{section*.164}{\376\377\0005\000.\0002\000.\0003\000\040\117\030\123\026\217\307\172\013}{section*.158}% 66
\BOOKMARK [1][]{section*.166}{\376\377\0005\000.\0003\000\040\207\215\124\010\155\367\124\010\232\330\145\257\121\110\232\214\166\204\155\361\136\246\122\250\140\001\171\076\126\342\150\300\155\113\152\041\127\213\133\236\232\214}{section*.156}% 67
\BOOKMARK [2][]{section*.167}{\376\377\0005\000.\0003\000.\0001\000\040\145\160\143\156\226\306}{section*.166}% 68
\BOOKMARK [2][]{section*.169}{\376\377\0005\000.\0003\000.\0002\000\040\133\236\232\214\213\276\177\156}{section*.166}% 69
\BOOKMARK [2][]{section*.170}{\376\377\0005\000.\0003\000.\0003\000\040\213\304\116\367\143\007\150\007}{section*.166}% 70
\BOOKMARK [2][]{section*.171}{\376\377\0005\000.\0003\000.\0004\000\040\122\250\140\001\171\076\126\342\150\300\155\113\133\236\232\214\176\323\147\234}{section*.166}% 71
\BOOKMARK [2][]{section*.183}{\376\377\0005\000.\0003\000.\0005\000\040\123\357\211\306\123\026\176\323\147\234}{section*.166}% 72
\BOOKMARK [2][]{section*.188}{\376\377\0005\000.\0003\000.\0006\000\040\123\302\145\160\145\117\141\037\140\047\122\006\147\220}{section*.166}% 73
\BOOKMARK [2][]{section*.190}{\376\377\0005\000.\0003\000.\0007\000\040\133\236\213\301\122\006\147\220}{section*.166}% 74
\BOOKMARK [1][]{section*.198}{\376\377\0005\000.\0004\000\040\147\054\172\340\134\017\176\323}{section*.156}% 75
\BOOKMARK [0][]{section*.199}{\376\377\0006\000\040\140\073\176\323\116\016\134\125\147\033}{ctitle.-1}% 76
\BOOKMARK [1][]{section*.200}{\376\377\0006\000.\0001\000\040\170\024\172\166\140\073\176\323}{section*.199}% 77
\BOOKMARK [1][]{section*.201}{\376\377\0006\000.\0002\000\040\170\024\172\166\134\125\147\033}{section*.199}% 78
\BOOKMARK [0][]{section*.203}{\376\377\123\302\200\003\145\207\163\056}{ctitle.-1}% 79
\BOOKMARK [0][]{section*.205}{\376\377\123\321\210\150\213\272\145\207\124\214\123\302\122\240\171\321\170\024\140\305\121\265}{ctitle.-1}% 80
\BOOKMARK [0][]{section*.207}{\376\377\226\104\137\125}{ctitle.-1}% 81
\BOOKMARK [0][]{section*.212}{\376\377\201\364\000\040\214\042}{ctitle.-1}% 82
